: 30
. . . . . . . . . . . . . . . . . ■ . . . . . . . . . . . . . . . . .
. . . . . . . . . . . . . . . . ■ ■ ■ . . . . . . . . . . . . . . . .
. . . . . . . . . . . . . . . ■ ■ . . ■ . . . . . . . . . . . . . . .
. . . . . . . . . . . . . . ■ ■ . ■ ■ ■ ■ . . . . . . . . . . . . . .
. . . . . . . . . . . . . ■ ■ . . ■ . . . ■ . . . . . . . . . . . . .
. . . . . . . . . . . . ■ ■ . ■ ■ ■ ■ . ■ ■ ■ . . . . . . . . . . . .
. . . . . . . . . . . ■ ■ . . ■ . . . . ■ . . ■ . . . . . . . . . . .
. . . . . . . . . . ■ ■ . ■ ■ ■ ■ . . ■ ■ ■ ■ ■ ■ . . . . . . . . . .
. . . . . . . . . ■ ■ . . ■ . . . ■ ■ ■ . . . . . ■ . . . . . . . . .
. . . . . . . . ■ ■ . ■ ■ ■ ■ . ■ ■ . . ■ . . . ■ ■ ■ . . . . . . . .
. . . . . . . ■ ■ . . ■ . . . . ■ . ■ ■ ■ ■ . ■ ■ . . ■ . . . . . . .
. . . . . . ■ ■ . ■ ■ ■ ■ . . ■ ■ . ■ . . . . ■ . ■ ■ ■ ■ . . . . . .
. . . . . ■ ■ . . ■ . . . ■ ■ ■ . . ■ ■ . . ■ ■ . ■ . . . ■ . . . . .
. . . . ■ ■ . ■ ■ ■ ■ . ■ ■ . . ■ ■ ■ . ■ ■ ■ . . ■ ■ . ■ ■ ■ . . . .
. . . ■ ■ . . ■ . . . . ■ . ■ ■ ■ . . . ■ . . ■ ■ ■ . . ■ . . ■ . . .
. . ■ ■ . ■ ■ ■ ■ . . ■ ■ . ■ . . ■ . ■ ■ ■ ■ ■ . . ■ ■ ■ ■ ■ ■ ■ . .
. ■ ■ . . ■ . . . ■ ■ ■ . . ■ ■ ■ ■ . ■ . . . . ■ ■ ■ . . . . . . ■ .
: 54
. . . . . . . . . . . . . . . . . ■ . . . . . . . . . . . . . . . . .
. . . . . . . . . . . . . . . . ■ ■ ■ . . . . . . . . . . . . . . . .
. . . . . . . . . . . . . . . ■ . . . ■ . . . . . . . . . . . . . . .
. . . . . . . . . . . . . . ■ ■ ■ . ■ ■ ■ . . . . . . . . . . . . . .
. . . . . . . . . . . . . ■ . . . ■ . . . ■ . . . . . . . . . . . . .
. . . . . . . . . . . . ■ ■ ■ . ■ ■ ■ . ■ ■ ■ . . . . . . . . . . . .
. . . . . . . . . . . ■ . . . ■ . . . ■ . . . ■ . . . . . . . . . . .
. . . . . . . . . . ■ ■ ■ . ■ ■ ■ . ■ ■ ■ . ■ ■ ■ . . . . . . . . . .
. . . . . . . . . ■ . . . ■ . . . ■ . . . ■ . . . ■ . . . . . . . . .
. . . . . . . . ■ ■ ■ . ■ ■ ■ . ■ ■ ■ . ■ ■ ■ . ■ ■ ■ . . . . . . . .
. . . . . . . ■ . . . ■ . . . ■ . . . ■ . . . ■ . . . ■ . . . . . . .
. . . . . . ■ ■ ■ . ■ ■ ■ . ■ ■ ■ . ■ ■ ■ . ■ ■ ■ . ■ ■ ■ . . . . . .
. . . . . ■ . . . ■ . . . ■ . . . ■ . . . ■ . . . ■ . . . ■ . . . . .
. . . . ■ ■ ■ . ■ ■ ■ . ■ ■ ■ . ■ ■ ■ . ■ ■ ■ . ■ ■ ■ . ■ ■ ■ . . . .
. . . ■ . . . ■ . . . ■ . . . ■ . . . ■ . . . ■ . . . ■ . . . ■ . . .
. . ■ ■ ■ . ■ ■ ■ . ■ ■ ■ . ■ ■ ■ . ■ ■ ■ . ■ ■ ■ . ■ ■ ■ . ■ ■ ■ . .
. ■ . . . ■ . . . ■ . . . ■ . . . ■ . . . ■ . . . ■ . . . ■ . . . ■ .
: 60
. . . . . . . . . . . . . . . . . ■ . . . . . . . . . . . . . . . . .
. . . . . . . . . . . . . . . . . ■ ■ . . . . . . . . . . . . . . . .
. . . . . . . . . . . . . . . . . ■ . ■ . . . . . . . . . . . . . . .
. . . . . . . . . . . . . . . . . ■ ■ ■ ■ . . . . . . . . . . . . . .
. . . . . . . . . . . . . . . . . ■ . . . ■ . . . . . . . . . . . . .
. . . . . . . . . . . . . . . . . ■ ■ . . ■ ■ . . . . . . . . . . . .
. . . . . . . . . . . . . . . . . ■ . ■ . ■ . ■ . . . . . . . . . . .
. . . . . . . . . . . . . . . . . ■ ■ ■ ■ ■ ■ ■ ■ . . . . . . . . . .
. . . . . . . . . . . . . . . . . ■ . . . . . . . ■ . . . . . . . . .
. . . . . . . . . . . . . . . . . ■ ■ . . . . . . ■ ■ . . . . . . . .
. . . . . . . . . . . . . . . . . ■ . ■ . . . . . ■ . ■ . . . . . . .
. . . . . . . . . . . . . . . . . ■ ■ ■ ■ . . . . ■ ■ ■ ■ . . . . . .
. . . . . . . . . . . . . . . . . ■ . . . ■ . . . ■ . . . ■ . . . . .
. . . . . . . . . . . . . . . . . ■ ■ . . ■ ■ . . ■ ■ . . ■ ■ . . . .
. . . . . . . . . . . . . . . . . ■ . ■ . ■ . ■ . ■ . ■ . ■ . ■ . . .
. . . . . . . . . . . . . . . . . ■ ■ ■ ■ ■ ■ ■ ■ ■ ■ ■ ■ ■ ■ ■ ■ . .
. . . . . . . . . . . . . . . . . ■ . . . . . . . . . . . . . . . ■ .
: 62
. . . . . . . . . . . . . . . . . ■ . . . . . . . . . . . . . . . . .
. . . . . . . . . . . . . . . . ■ ■ ■ . . . . . . . . . . . . . . . .
. . . . . . . . . . . . . . . ■ ■ . . ■ . . . . . . . . . . . . . . .
. . . . . . . . . . . . . . ■ ■ . ■ ■ ■ ■ . . . . . . . . . . . . . .
. . . . . . . . . . . . . ■ ■ . ■ ■ . . . ■ . . . . . . . . . . . . .
. . . . . . . . . . . . ■ ■ . ■ ■ . ■ . ■ ■ ■ . . . . . . . . . . . .
. . . . . . . . . . . ■ ■ . ■ ■ . ■ ■ ■ ■ . . ■ . . . . . . . . . . .
. . . . . . . . . . ■ ■ . ■ ■ . ■ ■ . . . ■ ■ ■ ■ . . . . . . . . . .
. . . . . . . . . ■ ■ . ■ ■ . ■ ■ . ■ . ■ ■ . . . ■ . . . . . . . . .
. . . . . . . . ■ ■ . ■ ■ . ■ ■ . ■ ■ ■ ■ . ■ . ■ ■ ■ . . . . . . . .
. . . . . . . ■ ■ . ■ ■ . ■ ■ . ■ ■ . . . ■ ■ ■ ■ . . ■ . . . . . . .
. . . . . . ■ ■ . ■ ■ . ■ ■ . ■ ■ . ■ . ■ ■ . . . ■ ■ ■ ■ . . . . . .
. . . . . ■ ■ . ■ ■ . ■ ■ . ■ ■ . ■ ■ ■ ■ . ■ . ■ ■ . . . ■ . . . . .
. . . . ■ ■ . ■ ■ . ■ ■ . ■ ■ . ■ ■ . . . ■ ■ ■ ■ . ■ . ■ ■ ■ . . . .
. . . ■ ■ . ■ ■ . ■ ■ . ■ ■ . ■ ■ . ■ . ■ ■ . . . ■ ■ ■ ■ . . ■ . . .
. . ■ ■ . ■ ■ . ■ ■ . ■ ■ . ■ ■ . ■ ■ ■ ■ . ■ . ■ ■ . . . ■ ■ ■ ■ . .
. ■ ■ . ■ ■ . ■ ■ . ■ ■ . ■ ■ . ■ ■ . . . ■ ■ ■ ■ . ■ . ■ ■ . . . ■ .
: 90
. . . . . . . . . . . . . . . . . ■ . . . . . . . . . . . . . . . . .
. . . . . . . . . . . . . . . . ■ . ■ . . . . . . . . . . . . . . . .
. . . . . . . . . . . . . . . ■ . . . ■ . . . . . . . . . . . . . . .
. . . . . . . . . . . . . . ■ . ■ . ■ . ■ . . . . . . . . . . . . . .
. . . . . . . . . . . . . ■ . . . . . . . ■ . . . . . . . . . . . . .
. . . . . . . . . . . . ■ . ■ . . . . . ■ . ■ . . . . . . . . . . . .
. . . . . . . . . . . ■ . . . ■ . . . ■ . . . ■ . . . . . . . . . . .
. . . . . . . . . . ■ . ■ . ■ . ■ . ■ . ■ . ■ . ■ . . . . . . . . . .
. . . . . . . . . ■ . . . . . . . . . . . . . . . ■ . . . . . . . . .
. . . . . . . . ■ . ■ . . . . . . . . . . . . . ■ . ■ . . . . . . . .
. . . . . . . ■ . . . ■ . . . . . . . . . . . ■ . . . ■ . . . . . . .
. . . . . . ■ . ■ . ■ . ■ . . . . . . . . . ■ . ■ . ■ . ■ . . . . . .
. . . . . ■ . . . . . . . ■ . . . . . . . ■ . . . . . . . ■ . . . . .
. . . . ■ . ■ . . . . . ■ . ■ . . . . . ■ . ■ . . . . . ■ . ■ . . . .
. . . ■ . . . ■ . . . ■ . . . ■ . . . ■ . . . ■ . . . ■ . . . ■ . . .
. . ■ . ■ . ■ . ■ . ■ . ■ . ■ . ■ . ■ . ■ . ■ . ■ . ■ . ■ . ■ . ■ . .
. ■ . . . . . . . . . . . . . . . . . . . . . . . . . . . . . . . ■ .
: 94
. . . . . . . . . . . . . . . . . ■ . . . . . . . . . . . . . . . . .
. . . . . . . . . . . . . . . . ■ ■ ■ . . . . . . . . . . . . . . . .
. . . . . . . . . . . . . . . ■ ■ . ■ ■ . . . . . . . . . . . . . . .
. . . . . . . . . . . . . . ■ ■ ■ . ■ ■ ■ . . . . . . . . . . . . . .
. . . . . . . . . . . . . ■ ■ . ■ . ■ . ■ ■ . . . . . . . . . . . . .
. . . . . . . . . . . . ■ ■ ■ . ■ . ■ . ■ ■ ■ . . . . . . . . . . . .
. . . . . . . . . . . ■ ■ . ■ . ■ . ■ . ■ . ■ ■ . . . . . . . . . . .
. . . . . . . . . . ■ ■ ■ . ■ . ■ . ■ . ■ . ■ ■ ■ . . . . . . . . . .
. . . . . . . . . ■ ■ . ■ . ■ . ■ . ■ . ■ . ■ . ■ ■ . . . . . . . . .
. . . . . . . . ■ ■ ■ . ■ . ■ . ■ . ■ . ■ . ■ . ■ ■ ■ . . . . . . . .
. . . . . . . ■ ■ . ■ . ■ . ■ . ■ . ■ . ■ . ■ . ■ . ■ ■ . . . . . . .
. . . . . . ■ ■ ■ . ■ . ■ . ■ . ■ . ■ . ■ . ■ . ■ . ■ ■ ■ . . . . . .
. . . . . ■ ■ . ■ . ■ . ■ . ■ . ■ . ■ . ■ . ■ . ■ . ■ . ■ ■ . . . . .
. . . . ■ ■ ■ . ■ . ■ . ■ . ■ . ■ . ■ . ■ . ■ . ■ . ■ . ■ ■ ■ . . . .
. . . ■ ■ . ■ . ■ . ■ . ■ . ■ . ■ . ■ . ■ . ■ . ■ . ■ . ■ . ■ ■ . . .
. . ■ ■ ■ . ■ . ■ . ■ . ■ . ■ . ■ . ■ . ■ . ■ . ■ . ■ . ■ . ■ ■ ■ . .
. ■ ■ . ■ . ■ . ■ . ■ . ■ . ■ . ■ . ■ . ■ . ■ . ■ . ■ . ■ . ■ . ■ ■ .
: 102
. . . . . . . . . . . . . . . . . ■ . . . . . . . . . . . . . . . . .
. . . . . . . . . . . . . . . . ■ ■ . . . . . . . . . . . . . . . . .
. . . . . . . . . . . . . . . ■ . ■ . . . . . . . . . . . . . . . . .
. . . . . . . . . . . . . . ■ ■ ■ ■ . . . . . . . . . . . . . . . . .
. . . . . . . . . . . . . ■ . . . ■ . . . . . . . . . . . . . . . . .
. . . . . . . . . . . . ■ ■ . . ■ ■ . . . . . . . . . . . . . . . . .
. . . . . . . . . . . ■ . ■ . ■ . ■ . . . . . . . . . . . . . . . . .
. . . . . . . . . . ■ ■ ■ ■ ■ ■ ■ ■ . . . . . . . . . . . . . . . . .
. . . . . . . . . ■ . . . . . . . ■ . . . . . . . . . . . . . . . . .
. . . . . . . . ■ ■ . . . . . . ■ ■ . . . . . . . . . . . . . . . . .
. . . . . . . ■ . ■ . . . . . ■ . ■ . . . . . . . . . . . . . . . . .
. . . . . . ■ ■ ■ ■ . . . . ■ ■ ■ ■ . . . . . . . . . . . . . . . . .
. . . . . ■ . . . ■ . . . ■ . . . ■ . . . . . . . . . . . . . . . . .
. . . . ■ ■ . . ■ ■ . . ■ ■ . . ■ ■ . . . . . . . . . . . . . . . . .
. . . ■ . ■ . ■ . ■ . ■ . ■ . ■ . ■ . . . . . . . . . . . . . . . . .
. . ■ ■ ■ ■ ■ ■ ■ ■ ■ ■ ■ ■ ■ ■ ■ ■ . . . . . . . . . . . . . . . . .
. ■ . . . . . . . . . . . . . . . ■ . . . . . . . . . . . . . . . . .
: 110
. . . . . . . . . . . . . . . . . ■ . . . . . . . . . . . . . . . . .
. . . . . . . . . . . . . . . . ■ ■ . . . . . . . . . . . . . . . . .
. . . . . . . . . . . . . . . ■ ■ ■ . . . . . . . . . . . . . . . . .
. . . . . . . . . . . . . . ■ ■ . ■ . . . . . . . . . . . . . . . . .
. . . . . . . . . . . . . ■ ■ ■ ■ ■ . . . . . . . . . . . . . . . . .
. . . . . . . . . . . . ■ ■ . . . ■ . . . . . . . . . . . . . . . . .
. . . . . . . . . . . ■ ■ ■ . . ■ ■ . . . . . . . . . . . . . . . . .
. . . . . . . . . . ■ ■ . ■ . ■ ■ ■ . . . . . . . . . . . . . . . . .
. . . . . . . . . ■ ■ ■ ■ ■ ■ ■ . ■ . . . . . . . . . . . . . . . . .
. . . . . . . . ■ ■ . . . . . ■ ■ ■ . . . . . . . . . . . . . . . . .
. . . . . . . ■ ■ ■ . . . . ■ ■ . ■ . . . . . . . . . . . . . . . . .
. . . . . . ■ ■ . ■ . . . ■ ■ ■ ■ ■ . . . . . . . . . . . . . . . . .
. . . . . ■ ■ ■ ■ ■ . . ■ ■ . . . ■ . . . . . . . . . . . . . . . . .
. . . . ■ ■ . . . ■ . ■ ■ ■ . . ■ ■ . . . . . . . . . . . . . . . . .
. . . ■ ■ ■ . . ■ ■ ■ ■ . ■ . ■ ■ ■ . . . . . . . . . . . . . . . . .
. . ■ ■ . ■ . ■ ■ . . ■ ■ ■ ■ ■ . ■ . . . . . . . . . . . . . . . . .
. ■ ■ ■ ■ ■ ■ ■ ■ . ■ ■ . . . ■ ■ ■ . . . . . . . . . . . . . . . . .
: 122
. . . . . . . . . . . . . . . . . ■ . . . . . . . . . . . . . . . . .
. . . . . . . . . . . . . . . . ■ . ■ . . . . . . . . . . . . . . . .
. . . . . . . . . . . . . . . ■ . ■ . ■ . . . . . . . . . . . . . . .
. . . . . . . . . . . . . . ■ . ■ . ■ . ■ . . . . . . . . . . . . . .
. . . . . . . . . . . . . ■ . ■ . ■ . ■ . ■ . . . . . . . . . . . . .
. . . . . . . . . . . . ■ . ■ . ■ . ■ . ■ . ■ . . . . . . . . . . . .
. . . . . . . . . . . ■ . ■ . ■ . ■ . ■ . ■ . ■ . . . . . . . . . . .
. . . . . . . . . . ■ . ■ . ■ . ■ . ■ . ■ . ■ . ■ . . . . . . . . . .
. . . . . . . . . ■ . ■ . ■ . ■ . ■ . ■ . ■ . ■ . ■ . . . . . . . . .
. . . . . . . . ■ . ■ . ■ . ■ . ■ . ■ . ■ . ■ . ■ . ■ . . . . . . . .
. . . . . . . ■ . ■ . ■ . ■ . ■ . ■ . ■ . ■ . ■ . ■ . ■ . . . . . . .
. . . . . . ■ . ■ . ■ . ■ . ■ . ■ . ■ . ■ . ■ . ■ . ■ . ■ . . . . . .
. . . . . ■ . ■ . ■ . ■ . ■ . ■ . ■ . ■ . ■ . ■ . ■ . ■ . ■ . . . . .
. . . . ■ . ■ . ■ . ■ . ■ . ■ . ■ . ■ . ■ . ■ . ■ . ■ . ■ . ■ . . . .
. . . ■ . ■ . ■ . ■ . ■ . ■ . ■ . ■ . ■ . ■ . ■ . ■ . ■ . ■ . ■ . . .
. . ■ . ■ . ■ . ■ . ■ . ■ . ■ . ■ . ■ . ■ . ■ . ■ . ■ . ■ . ■ . ■ . .
. ■ . ■ . ■ . ■ . ■ . ■ . ■ . ■ . ■ . ■ . ■ . ■ . ■ . ■ . ■ . ■ . ■ .
: 126
. . . . . . . . . . . . . . . . . ■ . . . . . . . . . . . . . . . . .
. . . . . . . . . . . . . . . . ■ ■ ■ . . . . . . . . . . . . . . . .
. . . . . . . . . . . . . . . ■ ■ . ■ ■ . . . . . . . . . . . . . . .
. . . . . . . . . . . . . . ■ ■ ■ ■ ■ ■ ■ . . . . . . . . . . . . . .
. . . . . . . . . . . . . ■ ■ . . . . . ■ ■ . . . . . . . . . . . . .
. . . . . . . . . . . . ■ ■ ■ ■ . . . ■ ■ ■ ■ . . . . . . . . . . . .
. . . . . . . . . . . ■ ■ . . ■ ■ . ■ ■ . . ■ ■ . . . . . . . . . . .
. . . . . . . . . . ■ ■ ■ ■ ■ ■ ■ ■ ■ ■ ■ ■ ■ ■ ■ . . . . . . . . . .
. . . . . . . . . ■ ■ . . . . . . . . . . . . . ■ ■ . . . . . . . . .
. . . . . . . . ■ ■ ■ ■ . . . . . . . . . . . ■ ■ ■ ■ . . . . . . . .
. . . . . . . ■ ■ . . ■ ■ . . . . . . . . . ■ ■ . . ■ ■ . . . . . . .
. . . . . . ■ ■ ■ ■ ■ ■ ■ ■ . . . . . . . ■ ■ ■ ■ ■ ■ ■ ■ . . . . . .
. . . . . ■ ■ . . . . . . ■ ■ . . . . . ■ ■ . . . . . . ■ ■ . . . . .
. . . . ■ ■ ■ ■ . . . . ■ ■ ■ ■ . . . ■ ■ ■ ■ . . . . ■ ■ ■ ■ . . . .
. . . ■ ■ . . ■ ■ . . ■ ■ . . ■ ■ . ■ ■ . . ■ ■ . . ■ ■ . . ■ ■ . . .
. . ■ ■ ■ ■ ■ ■ ■ ■ ■ ■ ■ ■ ■ ■ ■ ■ ■ ■ ■ ■ ■ ■ ■ ■ ■ ■ ■ ■ ■ ■ ■ . .
. ■ ■ . . . . . . . . . . . . . . . . . . . . . . . . . . . . . ■ ■ .
: 150
. . . . . . . . . . . . . . . . . ■ . . . . . . . . . . . . . . . . .
. . . . . . . . . . . . . . . . ■ ■ ■ . . . . . . . . . . . . . . . .
. . . . . . . . . . . . . . . ■ . ■ . ■ . . . . . . . . . . . . . . .
. . . . . . . . . . . . . . ■ ■ . ■ . ■ ■ . . . . . . . . . . . . . .
. . . . . . . . . . . . . ■ . . . ■ . . . ■ . . . . . . . . . . . . .
. . . . . . . . . . . . ■ ■ ■ . ■ ■ ■ . ■ ■ ■ . . . . . . . . . . . .
. . . . . . . . . . . ■ . ■ . . . ■ . . . ■ . ■ . . . . . . . . . . .
. . . . . . . . . . ■ ■ . ■ ■ . ■ ■ ■ . ■ ■ . ■ ■ . . . . . . . . . .
. . . . . . . . . ■ . . . . . . . ■ . . . . . . . ■ . . . . . . . . .
. . . . . . . . ■ ■ ■ . . . . . ■ ■ ■ . . . . . ■ ■ ■ . . . . . . . .
. . . . . . . ■ . ■ . ■ . . . ■ . ■ . ■ . . . ■ . ■ . ■ . . . . . . .
. . . . . . ■ ■ . ■ . ■ ■ . ■ ■ . ■ . ■ ■ . ■ ■ . ■ . ■ ■ . . . . . .
. . . . . ■ . . . ■ . . . . . . . ■ . . . . . . . ■ . . . ■ . . . . .
. . . . ■ ■ ■ . ■ ■ ■ . . . . . ■ ■ ■ . . . . . ■ ■ ■ . ■ ■ ■ . . . .
. . . ■ . ■ . . . ■ . ■ . . . ■ . ■ . ■ . . . ■ . ■ . . . ■ . ■ . . .
. . ■ ■ . ■ ■ . ■ ■ . ■ ■ . ■ ■ . ■ . ■ ■ . ■ ■ . ■ ■ . ■ ■ . ■ ■ . .
. ■ . . . . . . . . . . . . . . . ■ . . . . . . . . . . . . . . . ■ .
: 158
. . . . . . . . . . . . . . . . . ■ . . . . . . . . . . . . . . . . .
. . . . . . . . . . . . . . . . ■ ■ ■ . . . . . . . . . . . . . . . .
. . . . . . . . . . . . . . . ■ ■ ■ . ■ . . . . . . . . . . . . . . .
. . . . . . . . . . . . . . ■ ■ ■ . . ■ ■ . . . . . . . . . . . . . .
. . . . . . . . . . . . . ■ ■ ■ . ■ ■ ■ . ■ . . . . . . . . . . . . .
. . . . . . . . . . . . ■ ■ ■ . . ■ ■ . . ■ ■ . . . . . . . . . . . .
. . . . . . . . . . . ■ ■ ■ . ■ ■ ■ . ■ ■ ■ . ■ . . . . . . . . . . .
. . . . . . . . . . ■ ■ ■ . . ■ ■ . . ■ ■ . . ■ ■ . . . . . . . . . .
. . . . . . . . . ■ ■ ■ . ■ ■ ■ . ■ ■ ■ . ■ ■ ■ . ■ . . . . . . . . .
. . . . . . . . ■ ■ ■ . . ■ ■ . . ■ ■ . . ■ ■ . . ■ ■ . . . . . . . .
. . . . . . . ■ ■ ■ . ■ ■ ■ . ■ ■ ■ . ■ ■ ■ . ■ ■ ■ . ■ . . . . . . .
. . . . . . ■ ■ ■ . . ■ ■ . . ■ ■ . . ■ ■ . . ■ ■ . . ■ ■ . . . . . .
. . . . . ■ ■ ■ . ■ ■ ■ . ■ ■ ■ . ■ ■ ■ . ■ ■ ■ . ■ ■ ■ . ■ . . . . .
. . . . ■ ■ ■ . . ■ ■ . . ■ ■ . . ■ ■ . . ■ ■ . . ■ ■ . . ■ ■ . . . .
. . . ■ ■ ■ . ■ ■ ■ . ■ ■ ■ . ■ ■ ■ . ■ ■ ■ . ■ ■ ■ . ■ ■ ■ . ■ . . .
. . ■ ■ ■ . . ■ ■ . . ■ ■ . . ■ ■ . . ■ ■ . . ■ ■ . . ■ ■ . . ■ ■ . .
. ■ ■ ■ . ■ ■ ■ . ■ ■ ■ . ■ ■ ■ . ■ ■ ■ . ■ ■ ■ . ■ ■ ■ . ■ ■ ■ . ■ .
: 182
. . . . . . . . . . . . . . . . . ■ . . . . . . . . . . . . . . . . .
. . . . . . . . . . . . . . . . ■ ■ ■ . . . . . . . . . . . . . . . .
. . . . . . . . . . . . . . . ■ . ■ . ■ . . . . . . . . . . . . . . .
. . . . . . . . . . . . . . ■ ■ ■ ■ ■ ■ ■ . . . . . . . . . . . . . .
. . . . . . . . . . . . . ■ . ■ ■ ■ ■ ■ . ■ . . . . . . . . . . . . .
. . . . . . . . . . . . ■ ■ ■ . ■ ■ ■ . ■ ■ ■ . . . . . . . . . . . .
. . . . . . . . . . . ■ . ■ . ■ . ■ . ■ . ■ . ■ . . . . . . . . . . .
. . . . . . . . . . ■ ■ ■ ■ ■ ■ ■ ■ ■ ■ ■ ■ ■ ■ ■ . . . . . . . . . .
. . . . . . . . . ■ . ■ ■ ■ ■ ■ ■ ■ ■ ■ ■ ■ ■ ■ . ■ . . . . . . . . .
. . . . . . . . ■ ■ ■ . ■ ■ ■ ■ ■ ■ ■ ■ ■ ■ ■ . ■ ■ ■ . . . . . . . .
. . . . . . . ■ . ■ . ■ . ■ ■ ■ ■ ■ ■ ■ ■ ■ . ■ . ■ . ■ . . . . . . .
. . . . . . ■ ■ ■ ■ ■ ■ ■ . ■ ■ ■ ■ ■ ■ ■ . ■ ■ ■ ■ ■ ■ ■ . . . . . .
. . . . . ■ . ■ ■ ■ ■ ■ . ■ . ■ ■ ■ ■ ■ . ■ . ■ ■ ■ ■ ■ . ■ . . . . .
. . . . ■ ■ ■ . ■ ■ ■ . ■ ■ ■ . ■ ■ ■ . ■ ■ ■ . ■ ■ ■ . ■ ■ ■ . . . .
. . . ■ . ■ . ■ . ■ . ■ . ■ . ■ . ■ . ■ . ■ . ■ . ■ . ■ . ■ . ■ . . .
. . ■ ■ ■ ■ ■ ■ ■ ■ ■ ■ ■ ■ ■ ■ ■ ■ ■ ■ ■ ■ ■ ■ ■ ■ ■ ■ ■ ■ ■ ■ ■ . .
. ■ . ■ ■ ■ ■ ■ ■ ■ ■ ■ ■ ■ ■ ■ ■ ■ ■ ■ ■ ■ ■ ■ ■ ■ ■ ■ ■ ■ ■ ■ . ■ .
: 188
. . . . . . . . . . . . . . . . . ■ . . . . . . . . . . . . . . . . .
. . . . . . . . . . . . . . . . . ■ ■ . . . . . . . . . . . . . . . .
. . . . . . . . . . . . . . . . . ■ . ■ . . . . . . . . . . . . . . .
. . . . . . . . . . . . . . . . . ■ ■ ■ ■ . . . . . . . . . . . . . .
. . . . . . . . . . . . . . . . . ■ ■ ■ . ■ . . . . . . . . . . . . .
. . . . . . . . . . . . . . . . . ■ ■ . ■ ■ ■ . . . . . . . . . . . .
. . . . . . . . . . . . . . . . . ■ . ■ ■ ■ . ■ . . . . . . . . . . .
. . . . . . . . . . . . . . . . . ■ ■ ■ ■ . ■ ■ ■ . . . . . . . . . .
. . . . . . . . . . . . . . . . . ■ ■ ■ . ■ ■ ■ . ■ . . . . . . . . .
. . . . . . . . . . . . . . . . . ■ ■ . ■ ■ ■ . ■ ■ ■ . . . . . . . .
. . . . . . . . . . . . . . . . . ■ . ■ ■ ■ . ■ ■ ■ . ■ . . . . . . .
. . . . . . . . . . . . . . . . . ■ ■ ■ ■ . ■ ■ ■ . ■ ■ ■ . . . . . .
. . . . . . . . . . . . . . . . . ■ ■ ■ . ■ ■ ■ . ■ ■ ■ . ■ . . . . .
. . . . . . . . . . . . . . . . . ■ ■ . ■ ■ ■ . ■ ■ ■ . ■ ■ ■ . . . .
. . . . . . . . . . . . . . . . . ■ . ■ ■ ■ . ■ ■ ■ . ■ ■ ■ . ■ . . .
. . . . . . . . . . . . . . . . . ■ ■ ■ ■ . ■ ■ ■ . ■ ■ ■ . ■ ■ ■ . .
. . . . . . . . . . . . . . . . . ■ ■ ■ . ■ ■ ■ . ■ ■ ■ . ■ ■ ■ . ■ .
: 190
. . . . . . . . . . . . . . . . . ■ . . . . . . . . . . . . . . . . .
. . . . . . . . . . . . . . . . ■ ■ ■ . . . . . . . . . . . . . . . .
. . . . . . . . . . . . . . . ■ ■ ■ . ■ . . . . . . . . . . . . . . .
. . . . . . . . . . . . . . ■ ■ ■ . ■ ■ ■ . . . . . . . . . . . . . .
. . . . . . . . . . . . . ■ ■ ■ . ■ ■ ■ . ■ . . . . . . . . . . . . .
. . . . . . . . . . . . ■ ■ ■ . ■ ■ ■ . ■ ■ ■ . . . . . . . . . . . .
. . . . . . . . . . . ■ ■ ■ . ■ ■ ■ . ■ ■ ■ . ■ . . . . . . . . . . .
. . . . . . . . . . ■ ■ ■ . ■ ■ ■ . ■ ■ ■ . ■ ■ ■ . . . . . . . . . .
. . . . . . . . . ■ ■ ■ . ■ ■ ■ . ■ ■ ■ . ■ ■ ■ . ■ . . . . . . . . .
. . . . . . . . ■ ■ ■ . ■ ■ ■ . ■ ■ ■ . ■ ■ ■ . ■ ■ ■ . . . . . . . .
. . . . . . . ■ ■ ■ . ■ ■ ■ . ■ ■ ■ . ■ ■ ■ . ■ ■ ■ . ■ . . . . . . .
. . . . . . ■ ■ ■ . ■ ■ ■ . ■ ■ ■ . ■ ■ ■ . ■ ■ ■ . ■ ■ ■ . . . . . .
. . . . . ■ ■ ■ . ■ ■ ■ . ■ ■ ■ . ■ ■ ■ . ■ ■ ■ . ■ ■ ■ . ■ . . . . .
. . . . ■ ■ ■ . ■ ■ ■ . ■ ■ ■ . ■ ■ ■ . ■ ■ ■ . ■ ■ ■ . ■ ■ ■ . . . .
. . . ■ ■ ■ . ■ ■ ■ . ■ ■ ■ . ■ ■ ■ . ■ ■ ■ . ■ ■ ■ . ■ ■ ■ . ■ . . .
. . ■ ■ ■ . ■ ■ ■ . ■ ■ ■ . ■ ■ ■ . ■ ■ ■ . ■ ■ ■ . ■ ■ ■ . ■ ■ ■ . .
. ■ ■ ■ . ■ ■ ■ . ■ ■ ■ . ■ ■ ■ . ■ ■ ■ . ■ ■ ■ . ■ ■ ■ . ■ ■ ■ . ■ .
: 220
. . . . . . . . . . . . . . . . . ■ . . . . . . . . . . . . . . . . .
. . . . . . . . . . . . . . . . . ■ ■ . . . . . . . . . . . . . . . .
. . . . . . . . . . . . . . . . . ■ ■ ■ . . . . . . . . . . . . . . .
. . . . . . . . . . . . . . . . . ■ ■ ■ ■ . . . . . . . . . . . . . .
. . . . . . . . . . . . . . . . . ■ ■ ■ ■ ■ . . . . . . . . . . . . .
. . . . . . . . . . . . . . . . . ■ ■ ■ ■ ■ ■ . . . . . . . . . . . .
. . . . . . . . . . . . . . . . . ■ ■ ■ ■ ■ ■ ■ . . . . . . . . . . .
. . . . . . . . . . . . . . . . . ■ ■ ■ ■ ■ ■ ■ ■ . . . . . . . . . .
. . . . . . . . . . . . . . . . . ■ ■ ■ ■ ■ ■ ■ ■ ■ . . . . . . . . .
. . . . . . . . . . . . . . . . . ■ ■ ■ ■ ■ ■ ■ ■ ■ ■ . . . . . . . .
. . . . . . . . . . . . . . . . . ■ ■ ■ ■ ■ ■ ■ ■ ■ ■ ■ . . . . . . .
. . . . . . . . . . . . . . . . . ■ ■ ■ ■ ■ ■ ■ ■ ■ ■ ■ ■ . . . . . .
. . . . . . . . . . . . . . . . . ■ ■ ■ ■ ■ ■ ■ ■ ■ ■ ■ ■ ■ . . . . .
. . . . . . . . . . . . . . . . . ■ ■ ■ ■ ■ ■ ■ ■ ■ ■ ■ ■ ■ ■ . . . .
. . . . . . . . . . . . . . . . . ■ ■ ■ ■ ■ ■ ■ ■ ■ ■ ■ ■ ■ ■ ■ . . .
. . . . . . . . . . . . . . . . . ■ ■ ■ ■ ■ ■ ■ ■ ■ ■ ■ ■ ■ ■ ■ ■ . .
. . . . . . . . . . . . . . . . . ■ ■ ■ ■ ■ ■ ■ ■ ■ ■ ■ ■ ■ ■ ■ ■ ■ .
: 222
. . . . . . . . . . . . . . . . . ■ . . . . . . . . . . . . . . . . .
. . . . . . . . . . . . . . . . ■ ■ ■ . . . . . . . . . . . . . . . .
. . . . . . . . . . . . . . . ■ ■ ■ ■ ■ . . . . . . . . . . . . . . .
. . . . . . . . . . . . . . ■ ■ ■ ■ ■ ■ ■ . . . . . . . . . . . . . .
. . . . . . . . . . . . . ■ ■ ■ ■ ■ ■ ■ ■ ■ . . . . . . . . . . . . .
. . . . . . . . . . . . ■ ■ ■ ■ ■ ■ ■ ■ ■ ■ ■ . . . . . . . . . . . .
. . . . . . . . . . . ■ ■ ■ ■ ■ ■ ■ ■ ■ ■ ■ ■ ■ . . . . . . . . . . .
. . . . . . . . . . ■ ■ ■ ■ ■ ■ ■ ■ ■ ■ ■ ■ ■ ■ ■ . . . . . . . . . .
. . . . . . . . . ■ ■ ■ ■ ■ ■ ■ ■ ■ ■ ■ ■ ■ ■ ■ ■ ■ . . . . . . . . .
. . . . . . . . ■ ■ ■ ■ ■ ■ ■ ■ ■ ■ ■ ■ ■ ■ ■ ■ ■ ■ ■ . . . . . . . .
. . . . . . . ■ ■ ■ ■ ■ ■ ■ ■ ■ ■ ■ ■ ■ ■ ■ ■ ■ ■ ■ ■ ■ . . . . . . .
. . . . . . ■ ■ ■ ■ ■ ■ ■ ■ ■ ■ ■ ■ ■ ■ ■ ■ ■ ■ ■ ■ ■ ■ ■ . . . . . .
. . . . . ■ ■ ■ ■ ■ ■ ■ ■ ■ ■ ■ ■ ■ ■ ■ ■ ■ ■ ■ ■ ■ ■ ■ ■ ■ . . . . .
. . . . ■ ■ ■ ■ ■ ■ ■ ■ ■ ■ ■ ■ ■ ■ ■ ■ ■ ■ ■ ■ ■ ■ ■ ■ ■ ■ ■ . . . .
. . . ■ ■ ■ ■ ■ ■ ■ ■ ■ ■ ■ ■ ■ ■ ■ ■ ■ ■ ■ ■ ■ ■ ■ ■ ■ ■ ■ ■ ■ . . .
. . ■ ■ ■ ■ ■ ■ ■ ■ ■ ■ ■ ■ ■ ■ ■ ■ ■ ■ ■ ■ ■ ■ ■ ■ ■ ■ ■ ■ ■ ■ ■ . .
. ■ ■ ■ ■ ■ ■ ■ ■ ■ ■ ■ ■ ■ ■ ■ ■ ■ ■ ■ ■ ■ ■ ■ ■ ■ ■ ■ ■ ■ ■ ■ ■ ■ .
: 250
. . . . . . . . . . . . . . . . . ■ . . . . . . . . . . . . . . . . .
. . . . . . . . . . . . . . . . ■ . ■ . . . . . . . . . . . . . . . .
. . . . . . . . . . . . . . . ■ . ■ . ■ . . . . . . . . . . . . . . .
. . . . . . . . . . . . . . ■ . ■ . ■ . ■ . . . . . . . . . . . . . .
. . . . . . . . . . . . . ■ . ■ . ■ . ■ . ■ . . . . . . . . . . . . .
. . . . . . . . . . . . ■ . ■ . ■ . ■ . ■ . ■ . . . . . . . . . . . .
. . . . . . . . . . . ■ . ■ . ■ . ■ . ■ . ■ . ■ . . . . . . . . . . .
. . . . . . . . . . ■ . ■ . ■ . ■ . ■ . ■ . ■ . ■ . . . . . . . . . .
. . . . . . . . . ■ . ■ . ■ . ■ . ■ . ■ . ■ . ■ . ■ . . . . . . . . .
. . . . . . . . ■ . ■ . ■ . ■ . ■ . ■ . ■ . ■ . ■ . ■ . . . . . . . .
. . . . . . . ■ . ■ . ■ . ■ . ■ . ■ . ■ . ■ . ■ . ■ . ■ . . . . . . .
. . . . . . ■ . ■ . ■ . ■ . ■ . ■ . ■ . ■ . ■ . ■ . ■ . ■ . . . . . .
. . . . . ■ . ■ . ■ . ■ . ■ . ■ . ■ . ■ . ■ . ■ . ■ . ■ . ■ . . . . .
. . . . ■ . ■ . ■ . ■ . ■ . ■ . ■ . ■ . ■ . ■ . ■ . ■ . ■ . ■ . . . .
. . . ■ . ■ . ■ . ■ . ■ . ■ . ■ . ■ . ■ . ■ . ■ . ■ . ■ . ■ . ■ . . .
. . ■ . ■ . ■ . ■ . ■ . ■ . ■ . ■ . ■ . ■ . ■ . ■ . ■ . ■ . ■ . ■ . .
. ■ . ■ . ■ . ■ . ■ . ■ . ■ . ■ . ■ . ■ . ■ . ■ . ■ . ■ . ■ . ■ . ■ .
: